
Merging program properties

Removed property 0xc0000002 to merge obj/cpu/idt.cpp.o (0x3) and obj/coms.S.o (not found)

Discarded input sections

 .note.GNU-stack
                0x0000000000000000        0x0 obj/cpu/idt.cpp.o
 .note.gnu.property
                0x0000000000000000       0x20 obj/cpu/idt.cpp.o
 .group         0x0000000000000000        0xc obj/cpu/features.cpp.o
 .note.GNU-stack
                0x0000000000000000        0x0 obj/cpu/features.cpp.o
 .note.gnu.property
                0x0000000000000000       0x20 obj/cpu/features.cpp.o
 .eh_frame      0x0000000000000000      0x220 obj/cpu/features.cpp.o
 .note.GNU-stack
                0x0000000000000000        0x0 obj/gdt.cpp.o
 .note.gnu.property
                0x0000000000000000       0x20 obj/gdt.cpp.o
 .eh_frame      0x0000000000000000       0x30 obj/gdt.cpp.o
 .note.GNU-stack
                0x0000000000000000        0x0 obj/limine_services.cpp.o
 .note.gnu.property
                0x0000000000000000       0x20 obj/limine_services.cpp.o
 .eh_frame      0x0000000000000000       0x30 obj/limine_services.cpp.o
 .group         0x0000000000000000        0xc obj/main.cpp.o
 .text._ZN8kostreamlsEm
                0x0000000000000000      0x1b7 obj/main.cpp.o
 .note.GNU-stack
                0x0000000000000000        0x0 obj/main.cpp.o
 .note.gnu.property
                0x0000000000000000       0x20 obj/main.cpp.o
 .eh_frame      0x0000000000000000      0x138 obj/main.cpp.o
 .group         0x0000000000000000        0xc obj/memory/memory.cpp.o
 .group         0x0000000000000000        0xc obj/memory/memory.cpp.o
 .group         0x0000000000000000        0xc obj/memory/memory.cpp.o
 .text._ZN8kostreamlsEm
                0x0000000000000000      0x1b7 obj/memory/memory.cpp.o
 .note.GNU-stack
                0x0000000000000000        0x0 obj/memory/memory.cpp.o
 .note.gnu.property
                0x0000000000000000       0x20 obj/memory/memory.cpp.o
 .eh_frame      0x0000000000000000      0x2b8 obj/memory/memory.cpp.o
 .group         0x0000000000000000        0xc obj/memory/pmm.cpp.o
 .text._ZN8kostreamlsEm
                0x0000000000000000      0x1b7 obj/memory/pmm.cpp.o
 .note.GNU-stack
                0x0000000000000000        0x0 obj/memory/pmm.cpp.o
 .note.gnu.property
                0x0000000000000000       0x20 obj/memory/pmm.cpp.o
 .eh_frame      0x0000000000000000       0xc8 obj/memory/pmm.cpp.o
 .note.GNU-stack
                0x0000000000000000        0x0 obj/yay.cpp.o
 .note.gnu.property
                0x0000000000000000       0x20 obj/yay.cpp.o
 .eh_frame      0x0000000000000000       0x30 obj/yay.cpp.o

Memory Configuration

Name             Origin             Length             Attributes
*default*        0x0000000000000000 0xffffffffffffffff

Linker script and memory map

LOAD obj/cpu/idt.cpp.o
LOAD obj/cpu/features.cpp.o
LOAD obj/gdt.cpp.o
LOAD obj/limine_services.cpp.o
LOAD obj/main.cpp.o
LOAD obj/memory/memory.cpp.o
LOAD obj/memory/pmm.cpp.o
LOAD obj/yay.cpp.o
LOAD obj/coms.S.o
LOAD obj/cpu/features.S.o
LOAD obj/serial.S.o
                0xffffffff80000000                . = 0xffffffff80000000

.text           0xffffffff80000000     0x1e64
 *(.text .text.*)
 .text          0xffffffff80000000        0x0 obj/cpu/idt.cpp.o
 .text          0xffffffff80000000      0x84a obj/cpu/features.cpp.o
                0xffffffff80000000                features::probeMemory()
                0xffffffff80000130                features::disablePaging()
                0xffffffff80000150                features::probeLinearWidth()
                0xffffffff80000280                features::probex2apic()
                0xffffffff80000360                features::probeLapic()
                0xffffffff80000430                features::getPML4()
                0xffffffff80000450                features::probecr4()
                0xffffffff80000510                features::probecr0()
                0xffffffff800006b0                features::probecr3()
 *fill*         0xffffffff8000084a        0x6 
 .text._ZN8kostreamlsEm
                0xffffffff80000850      0x1b7 obj/cpu/features.cpp.o
                0xffffffff80000850                kostream::operator<<(unsigned long)
 .text          0xffffffff80000a07        0x0 obj/gdt.cpp.o
 .text.unlikely
                0xffffffff80000a07        0x4 obj/gdt.cpp.o
                0xffffffff80000a07                gdt::initialisegdt(gdt::GdtTable&)
 *fill*         0xffffffff80000a0b        0x5 
 .text          0xffffffff80000a10        0x7 obj/limine_services.cpp.o
                0xffffffff80000a10                req::is_limine_supported()
 *fill*         0xffffffff80000a17        0x9 
 .text          0xffffffff80000a20      0x24b obj/main.cpp.o
                0xffffffff80000a20                memcpy
                0xffffffff80000a50                memset
                0xffffffff80000a80                memmove
                0xffffffff80000ad0                memcmp
                0xffffffff80000b10                __cxa_atexit
                0xffffffff80000b20                __cxa_pure_virtual
                0xffffffff80000b30                _start
 *fill*         0xffffffff80000c6b        0x5 
 .text.startup  0xffffffff80000c70        0xf obj/main.cpp.o
 *fill*         0xffffffff80000c7f        0x1 
 .text          0xffffffff80000c80      0xf34 obj/memory/memory.cpp.o
                0xffffffff80000c80                mem::printMemoryMap()
                0xffffffff80000e70                mem::probeMemory(unsigned long)
                0xffffffff80001450                mem::calculateAvailableMemory()
                0xffffffff80001500                mem::printPageFrames()
                0xffffffff80001690                mem::getKernelVirtualAddress()
                0xffffffff800016a0                mem::upperLimitProbe()
                0xffffffff800018d0                mem::lowerLimitProbe()
                0xffffffff80001af0                mem::corruptMemory()
 *fill*         0xffffffff80001bb4        0xc 
 .text._ZN6logger3logEPKc
                0xffffffff80001bc0       0x65 obj/memory/memory.cpp.o
                0xffffffff80001bc0                logger::log(char const*)
 *fill*         0xffffffff80001c25        0xb 
 .text._ZN8kostreamlsEc
                0xffffffff80001c30       0x3e obj/memory/memory.cpp.o
                0xffffffff80001c30                kostream::operator<<(char)
 *fill*         0xffffffff80001c6e        0x2 
 .text          0xffffffff80001c70      0x1b7 obj/memory/pmm.cpp.o
                0xffffffff80001c70                mem::pmm::pmm()
                0xffffffff80001c70                mem::pmm::pmm()
 .text          0xffffffff80001e27        0x0 obj/yay.cpp.o
 *fill*         0xffffffff80001e27        0x9 
 .text.startup  0xffffffff80001e30        0xf obj/yay.cpp.o
 .text          0xffffffff80001e3f        0x6 obj/coms.S.o
                0xffffffff80001e3f                get_asm_val
 .text          0xffffffff80001e45       0x19 obj/cpu/features.S.o
                0xffffffff80001e45                readcr0
                0xffffffff80001e4c                writecr0
                0xffffffff80001e50                readcr3
                0xffffffff80001e57                readcr4
 .text          0xffffffff80001e5e        0x6 obj/serial.S.o
                0xffffffff80001e5e                outb

.plt            0xffffffff80001e70        0x0
 .plt           0xffffffff80001e70        0x0 obj/cpu/idt.cpp.o

.plt.got        0xffffffff80001e68        0x0
 .plt.got       0xffffffff80001e68        0x0 obj/cpu/idt.cpp.o
                0xffffffff80002e68                . = (. + CONSTANT (MAXPAGESIZE))

.rodata         0xffffffff80002e68      0x197
 *(.rodata .rodata.*)
 .rodata.str1.1
                0xffffffff80002e68       0x61 obj/cpu/features.cpp.o
 .rodata.str1.1
                0xffffffff80002ec9       0xc4 obj/memory/memory.cpp.o
                                         0xd8 (size before relaxing)
 *fill*         0xffffffff80002f8d        0x3 
 .rodata.str1.8
                0xffffffff80002f90       0x2b obj/memory/memory.cpp.o
 .rodata.str1.1
                0xffffffff80002fbb       0x44 obj/memory/pmm.cpp.o

.gnu.version_d  0xffffffff80003000        0x0
 .gnu.version_d
                0xffffffff80003000        0x0 obj/cpu/idt.cpp.o

.gnu.version    0xffffffff80003000        0x0
 .gnu.version   0xffffffff80003000        0x0 obj/cpu/idt.cpp.o

.gnu.version_r  0xffffffff80003000        0x0
 .gnu.version_r
                0xffffffff80003000        0x0 obj/cpu/idt.cpp.o

.dynsym         0xffffffff80003000       0x18
 .dynsym        0xffffffff80003000       0x18 obj/cpu/idt.cpp.o

.dynstr         0xffffffff80003018        0x1
 .dynstr        0xffffffff80003018        0x1 obj/cpu/idt.cpp.o

.hash           0xffffffff80003020       0x10
 .hash          0xffffffff80003020       0x10 obj/cpu/idt.cpp.o

.gnu.hash       0xffffffff80003030       0x1c
 .gnu.hash      0xffffffff80003030       0x1c obj/cpu/idt.cpp.o

.rela.dyn       0xffffffff80003050       0x30
 .rela.plt      0xffffffff80003050        0x0 obj/cpu/idt.cpp.o
 .rela.got      0xffffffff80003050        0x0 obj/cpu/idt.cpp.o
 .rela.bss      0xffffffff80003050        0x0 obj/cpu/idt.cpp.o
 .rela.data.rel.ro
                0xffffffff80003050        0x0 obj/cpu/idt.cpp.o
 .rela.ifunc    0xffffffff80003050        0x0 obj/cpu/idt.cpp.o
 .rela.text     0xffffffff80003050        0x0 obj/cpu/idt.cpp.o
 .rela.init_array
                0xffffffff80003050       0x30 obj/cpu/idt.cpp.o

.init_array     0xffffffff80003080       0x10
                0xffffffff80003080                __init_array = .
 *(.init_array .init_array.*)
 .init_array    0xffffffff80003080        0x8 obj/main.cpp.o
 .init_array    0xffffffff80003088        0x8 obj/yay.cpp.o
                0xffffffff80003090                __init_array_end = .
                0xffffffff80004090                . = (. + CONSTANT (MAXPAGESIZE))

.data           0xffffffff800040a0       0xf0
 *(.data .data.*)
 .data          0xffffffff800040a0        0x0 obj/cpu/idt.cpp.o
 .data.rel.ro   0xffffffff800040a0        0x0 obj/cpu/idt.cpp.o
 .data          0xffffffff800040a0        0x0 obj/cpu/features.cpp.o
 .data          0xffffffff800040a0        0x0 obj/gdt.cpp.o
 .data          0xffffffff800040a0       0xf0 obj/limine_services.cpp.o
                0xffffffff800040a0                req::kernel_addr_req
                0xffffffff800040e0                req::hhdm_request
                0xffffffff80004120                req::memorymap_request
                0xffffffff80004160                req::framebuffer_request
 .data          0xffffffff80004190        0x0 obj/main.cpp.o
 .data          0xffffffff80004190        0x0 obj/memory/memory.cpp.o
 .data          0xffffffff80004190        0x0 obj/memory/pmm.cpp.o
 .data          0xffffffff80004190        0x0 obj/yay.cpp.o
 .data          0xffffffff80004190        0x0 obj/coms.S.o
 .data          0xffffffff80004190        0x0 obj/cpu/features.S.o
 .data          0xffffffff80004190        0x0 obj/serial.S.o

.got            0xffffffff80004190        0x0
 .got           0xffffffff80004190        0x0 obj/cpu/idt.cpp.o

.got.plt        0xffffffff80004190        0x0
 .got.plt       0xffffffff80004190        0x0 obj/cpu/idt.cpp.o

.dynamic        0xffffffff80004190      0x130
 *(.dynamic)
 .dynamic       0xffffffff80004190      0x130 obj/cpu/idt.cpp.o
                0xffffffff80004190                _DYNAMIC

.bss            0xffffffff800042c0     0x1010
 *(.bss .bss.*)
 .bss           0xffffffff800042c0     0x1000 obj/cpu/idt.cpp.o
                0xffffffff800042c0                idt::idt_table
 .bss           0xffffffff800052c0        0x0 obj/cpu/features.cpp.o
 .bss           0xffffffff800052c0        0x0 obj/gdt.cpp.o
 .bss           0xffffffff800052c0        0x0 obj/limine_services.cpp.o
 .bss           0xffffffff800052c0        0x4 obj/main.cpp.o
                0xffffffff800052c0                serialLogger
 .bss           0xffffffff800052c4        0x0 obj/memory/memory.cpp.o
 .bss           0xffffffff800052c4        0x0 obj/memory/pmm.cpp.o
 *fill*         0xffffffff800052c4        0x4 
 .bss           0xffffffff800052c8        0x8 obj/yay.cpp.o
                0xffffffff800052c8                kout
 .bss           0xffffffff800052d0        0x0 obj/coms.S.o
 .bss           0xffffffff800052d0        0x0 obj/cpu/features.S.o
 .bss           0xffffffff800052d0        0x0 obj/serial.S.o
 *(COMMON)

.dynbss         0xffffffff800052d0        0x0
 .dynbss        0xffffffff800052d0        0x0 obj/cpu/idt.cpp.o

/DISCARD/
 *(.eh_frame)
 *(.note .note.*)
OUTPUT(bin/kernel elf64-x86-64)

.debug_info     0x0000000000000000     0xb75e
 .debug_info    0x0000000000000000      0x2d2 obj/cpu/idt.cpp.o
 .debug_info    0x00000000000002d2     0x2c97 obj/cpu/features.cpp.o
 .debug_info    0x0000000000002f69      0x34c obj/gdt.cpp.o
 .debug_info    0x00000000000032b5      0x4eb obj/limine_services.cpp.o
 .debug_info    0x00000000000037a0     0x1db5 obj/main.cpp.o
 .debug_info    0x0000000000005555     0x3da9 obj/memory/memory.cpp.o
 .debug_info    0x00000000000092fe     0x1701 obj/memory/pmm.cpp.o
 .debug_info    0x000000000000a9ff      0xce7 obj/yay.cpp.o
 .debug_info    0x000000000000b6e6       0x28 obj/coms.S.o
 .debug_info    0x000000000000b70e       0x28 obj/cpu/features.S.o
 .debug_info    0x000000000000b736       0x28 obj/serial.S.o

.debug_abbrev   0x0000000000000000     0x1dd3
 .debug_abbrev  0x0000000000000000       0xce obj/cpu/idt.cpp.o
 .debug_abbrev  0x00000000000000ce      0x565 obj/cpu/features.cpp.o
 .debug_abbrev  0x0000000000000633       0xe2 obj/gdt.cpp.o
 .debug_abbrev  0x0000000000000715      0x14b obj/limine_services.cpp.o
 .debug_abbrev  0x0000000000000860      0x70c obj/main.cpp.o
 .debug_abbrev  0x0000000000000f6c      0x5b0 obj/memory/memory.cpp.o
 .debug_abbrev  0x000000000000151c      0x55f obj/memory/pmm.cpp.o
 .debug_abbrev  0x0000000000001a7b      0x31c obj/yay.cpp.o
 .debug_abbrev  0x0000000000001d97       0x14 obj/coms.S.o
 .debug_abbrev  0x0000000000001dab       0x14 obj/cpu/features.S.o
 .debug_abbrev  0x0000000000001dbf       0x14 obj/serial.S.o

.debug_aranges  0x0000000000000000      0x270
 .debug_aranges
                0x0000000000000000       0x20 obj/cpu/idt.cpp.o
 .debug_aranges
                0x0000000000000020       0x40 obj/cpu/features.cpp.o
 .debug_aranges
                0x0000000000000060       0x30 obj/gdt.cpp.o
 .debug_aranges
                0x0000000000000090       0x30 obj/limine_services.cpp.o
 .debug_aranges
                0x00000000000000c0       0x50 obj/main.cpp.o
 .debug_aranges
                0x0000000000000110       0x60 obj/memory/memory.cpp.o
 .debug_aranges
                0x0000000000000170       0x40 obj/memory/pmm.cpp.o
 .debug_aranges
                0x00000000000001b0       0x30 obj/yay.cpp.o
 .debug_aranges
                0x00000000000001e0       0x30 obj/coms.S.o
 .debug_aranges
                0x0000000000000210       0x30 obj/cpu/features.S.o
 .debug_aranges
                0x0000000000000240       0x30 obj/serial.S.o

.debug_line     0x0000000000000000     0x35f2
 .debug_line    0x0000000000000000       0x5a obj/cpu/idt.cpp.o
 .debug_line    0x000000000000005a      0xe99 obj/cpu/features.cpp.o
 .debug_line    0x0000000000000ef3       0x6f obj/gdt.cpp.o
 .debug_line    0x0000000000000f62       0x72 obj/limine_services.cpp.o
 .debug_line    0x0000000000000fd4      0x60c obj/main.cpp.o
 .debug_line    0x00000000000015e0     0x19bf obj/memory/memory.cpp.o
 .debug_line    0x0000000000002f9f      0x4a8 obj/memory/pmm.cpp.o
 .debug_line    0x0000000000003447       0xbc obj/yay.cpp.o
 .debug_line    0x0000000000003503       0x4c obj/coms.S.o
 .debug_line    0x000000000000354f       0x55 obj/cpu/features.S.o
 .debug_line    0x00000000000035a4       0x4e obj/serial.S.o

.debug_str      0x0000000000000000      0xfc5
 .debug_str     0x0000000000000000      0x23e obj/cpu/idt.cpp.o
                                        0x314 (size before relaxing)
 .debug_str     0x000000000000023e      0x4d6 obj/cpu/features.cpp.o
                                        0x7f1 (size before relaxing)
 .debug_str     0x0000000000000714       0xb8 obj/gdt.cpp.o
                                        0x371 (size before relaxing)
 .debug_str     0x00000000000007cc      0x2d8 obj/limine_services.cpp.o
                                        0x4b1 (size before relaxing)
 .debug_str     0x0000000000000aa4      0x321 obj/main.cpp.o
                                        0xba9 (size before relaxing)
 .debug_str     0x0000000000000dc5      0x152 obj/memory/memory.cpp.o
                                        0x956 (size before relaxing)
 .debug_str     0x0000000000000f17       0x1c obj/memory/pmm.cpp.o
                                        0x7d8 (size before relaxing)
 .debug_str     0x0000000000000f33       0x36 obj/yay.cpp.o
                                        0x649 (size before relaxing)
 .debug_str     0x0000000000000f69       0x3c obj/coms.S.o
 .debug_str     0x0000000000000fa5       0x13 obj/cpu/features.S.o
                                         0x44 (size before relaxing)
 .debug_str     0x0000000000000fb8        0xd obj/serial.S.o
                                         0x3e (size before relaxing)

.debug_line_str
                0x0000000000000000      0x2e6
 .debug_line_str
                0x0000000000000000       0xcd obj/cpu/idt.cpp.o
                                        0x102 (size before relaxing)
 .debug_line_str
                0x00000000000000cd       0xfd obj/cpu/features.cpp.o
                                        0x202 (size before relaxing)
 .debug_line_str
                0x00000000000001ca       0x14 obj/gdt.cpp.o
                                         0xfa (size before relaxing)
 .debug_line_str
                0x00000000000001de       0x21 obj/limine_services.cpp.o
                                         0xe1 (size before relaxing)
 .debug_line_str
                0x00000000000001ff       0x97 obj/main.cpp.o
                                        0x285 (size before relaxing)
 .debug_line_str
                0x0000000000000296       0x16 obj/memory/memory.cpp.o
                                        0x1eb (size before relaxing)
 .debug_line_str
                0x00000000000002ac       0x13 obj/memory/pmm.cpp.o
                                        0x25b (size before relaxing)
 .debug_line_str
                0x00000000000002bf        0xc obj/yay.cpp.o
                                        0x1a8 (size before relaxing)
 .debug_line_str
                0x00000000000002cb        0x7 obj/coms.S.o
                                         0x37 (size before relaxing)
 .debug_line_str
                0x00000000000002d2        0xb obj/cpu/features.S.o
                                         0x43 (size before relaxing)
 .debug_line_str
                0x00000000000002dd        0x9 obj/serial.S.o
                                         0x3b (size before relaxing)

.comment        0x0000000000000000       0x2b
 .comment       0x0000000000000000       0x2b obj/cpu/idt.cpp.o
                                         0x2c (size before relaxing)
 .comment       0x000000000000002b       0x2c obj/cpu/features.cpp.o
 .comment       0x000000000000002b       0x2c obj/gdt.cpp.o
 .comment       0x000000000000002b       0x2c obj/limine_services.cpp.o
 .comment       0x000000000000002b       0x2c obj/main.cpp.o
 .comment       0x000000000000002b       0x2c obj/memory/memory.cpp.o
 .comment       0x000000000000002b       0x2c obj/memory/pmm.cpp.o
 .comment       0x000000000000002b       0x2c obj/yay.cpp.o

.debug_loclists
                0x0000000000000000     0x38c4
 .debug_loclists
                0x0000000000000000     0x10cb obj/cpu/features.cpp.o
 .debug_loclists
                0x00000000000010cb       0x2f obj/limine_services.cpp.o
 .debug_loclists
                0x00000000000010fa      0x6db obj/main.cpp.o
 .debug_loclists
                0x00000000000017d5     0x1b24 obj/memory/memory.cpp.o
 .debug_loclists
                0x00000000000032f9      0x55b obj/memory/pmm.cpp.o
 .debug_loclists
                0x0000000000003854       0x70 obj/yay.cpp.o

.debug_rnglists
                0x0000000000000000      0xb49
 .debug_rnglists
                0x0000000000000000      0x390 obj/cpu/features.cpp.o
 .debug_rnglists
                0x0000000000000390       0x17 obj/gdt.cpp.o
 .debug_rnglists
                0x00000000000003a7       0xc1 obj/main.cpp.o
 .debug_rnglists
                0x0000000000000468      0x5c9 obj/memory/memory.cpp.o
 .debug_rnglists
                0x0000000000000a31      0x101 obj/memory/pmm.cpp.o
 .debug_rnglists
                0x0000000000000b32       0x17 obj/yay.cpp.o
